// Jest Snapshot v1, https://goo.gl/fbAQLP

exports[`Molecules/ErrorMessage Snap Shot 1`] = `null`;
