// Jest Snapshot v1, https://goo.gl/fbAQLP

exports[`Molecules/FullErrorMessage Snap Shot 1`] = `null`;
